{
    "input": {
        "content": [
            "Samplesheet.tsv:md5,dbf8d1a2b7933dab9e5a139f33c2b1f4",
            "Metadata.tsv:md5,060b56528bb566eed71f6dfdb52cc395"
        ],
        "timestamp": "2023-06-20T17:24:03+0000"
    },
    "software_versions": {
        "content": [
            "{BARRNAP={barrnap=0.9}, CUSTOM_DUMPSOFTWAREVERSIONS={python=3.12.0, yaml=6.0.1}, CUTADAPT_BASIC={cutadapt=3.4}, DADA2_DENOISING={R=4.3.1, dada2=1.28.0}, DADA2_FILTNTRIM={R=4.3.1, dada2=1.28.0}, DADA2_QUALITY1={R=4.3.1, ShortRead=1.58.0, dada2=1.28.0}, EPANG_PLACE={epang=0.3.8}, FILTER_STATS={pandas=1.1.5, python=3.9.1}, GAPPA_ASSIGN={gappa=0.8.0}, GAPPA_GRAFT={gappa=0.8.0}, GAPPA_HEATTREE={gappa=0.8.0}, HMMER_AFAFORMATQUERY={hmmer/easel=0.48}, HMMER_AFAFORMATREF={hmmer/easel=0.48}, HMMER_HMMALIGNQUERY={hmmer=3.3.2}, HMMER_HMMALIGNREF={hmmer=3.3.2}, HMMER_HMMBUILD={hmmer=3.3.2}, HMMER_MASKQUERY={hmmer/easel=0.48}, HMMER_MASKREF={hmmer/easel=0.48}, HMMER_UNALIGNREF={hmmer/easel=0.48}, PHYLOSEQ={R=4.3.0, phyloseq=1.44.0}, QIIME2_INSEQ={qiime2=2023.7.0}, RENAME_RAW_DATA_FILES={sed=4.7}, TRUNCLEN={pandas=1.1.5, python=3.9.1}, Workflow={nf-core/ampliseq=2.8.0}}"
        ],
        "timestamp": "2023-06-20T17:24:03+0000"
    },
    "cutadapt": {
        "content": [
            "cutadapt_summary.tsv:md5,5d02749984a811479e7d534fda75163f"
        ],
        "timestamp": "2023-06-20T17:24:03+0000"
    },
    "qiime2": {
        "content": [
            "descriptive_stats.tsv:md5,666279e79355dd60a0f5c7c8bb77618d",
            "seven_number_summary.tsv:md5,e087b59678e7e9ade87e0a7349f54e2e"
        ],
        "timestamp": "2023-06-20T17:24:03+0000"
    },
    "overall_summary_tsv": {
        "content": [
            "overall_summary.tsv:md5,f6bf53e90e5d2efc4f62a0e4c789bbec"
        ],
        "timestamp": "2023-06-20T17:24:03+0000"
    },
    "dada2": {
        "content": [
            "ASV_seqs.fasta:md5,864c3e0dc9b4a7649beee0c8665dceb5",
            "ASV_table.tsv:md5,2618251e597593e4d716dd9bed095539",
            "DADA2_stats.tsv:md5,54a1ac8d6c5a3ff15f700c4b2dd40c86",
            "DADA2_table.rds:md5,d095501019ce7ebccfa0eb801db1ed29",
            "DADA2_table.tsv:md5,5c9fb0bfd70da165f0ce6a361bfe0b43"
        ],
        "timestamp": "2023-06-20T17:24:03+0000"
    },
    "barrnap": {
        "content": [
            "rrna.arc.gff:md5,6dae470aace9293d5eb8c318584852dd",
            "rrna.bac.gff:md5,439a9084f089120f700f938dfb58fa41",
            "rrna.euk.gff:md5,c9bc1d9d8fb77dc19c95dee2d53840eb",
            "rrna.mito.gff:md5,df19e1b84ba6f691d20c72b397c88abf"
        ],
        "timestamp": "2023-06-20T17:24:03+0000"
    },
    "multiqc": {
        "content": [
            "multiqc_general_stats.txt:md5,cbe0b448f630111ee18976891354701a",
            "multiqc_cutadapt.txt:md5,c640ad4fa88bc31b09fa353e606013a2"
        ],
        "timestamp": "2023-06-20T17:24:03+0000"
    }
}
