{
    "input": {
        "content": [
            "Samplesheet.tsv:md5,dbf8d1a2b7933dab9e5a139f33c2b1f4",
            "Metadata.tsv:md5,060b56528bb566eed71f6dfdb52cc395"
        ],
        "timestamp": "2023-05-28T20:55:32+0000"
    },
    "SBDI": {
        "content": [
            "dna.tsv:md5,46bb52a05204ade2d571ac089f732012",
            "emof.tsv:md5,52ff7d226c79b1f78d5f4895d748f915",
            "event.tsv:md5,d275c5c0d7dbf7a5b2c61082fbce486d"
        ],
        "timestamp": "2023-05-28T20:55:32+0000"
    },
    "cutadapt": {
        "content": [
            "cutadapt_summary.tsv:md5,5d02749984a811479e7d534fda75163f"
        ],
        "timestamp": "2023-05-28T20:55:32+0000"
    },
    "software_versions": {
        "content": [
            "{BARRNAP={barrnap=0.9}, CUSTOM_DUMPSOFTWAREVERSIONS={python=3.12.0, yaml=6.0.1}, CUTADAPT_BASIC={cutadapt=3.4}, DADA2_DENOISING={R=4.3.1, dada2=1.28.0}, DADA2_FILTNTRIM={R=4.3.1, dada2=1.28.0}, DADA2_QUALITY1={R=4.3.1, ShortRead=1.58.0, dada2=1.28.0}, DADA2_TAXONOMY={R=4.3.1, dada2=1.28.0}, FASTQC={fastqc=0.12.1}, FILTER_CLUSTERS={pandas=1.1.5, python=3.9.1}, FILTER_LEN_ASV={Biostrings=2.58.0, R=4.0.3}, FILTER_STATS={pandas=1.1.5, python=3.9.1}, PHYLOSEQ={R=4.3.0, phyloseq=1.44.0}, QIIME2_INSEQ={qiime2=2023.7.0}, RENAME_RAW_DATA_FILES={sed=4.7}, SBDIEXPORT={R=3.6.3}, TRUNCLEN={pandas=1.1.5, python=3.9.1}, VSEARCH_CLUSTER={vsearch=2.21.1}, Workflow={nf-core/ampliseq=2.8.0}}"
        ],
        "timestamp": "2023-05-28T20:55:32+0000"
    },
    "overall_summary_tsv": {
        "content": [
            "overall_summary.tsv:md5,a20dea9e5f4ca80723d31494399510fc"
        ],
        "timestamp": "2023-05-28T20:55:32+0000"
    },
    "dada2": {
        "content": [
            "ASV_seqs.fasta:md5,864c3e0dc9b4a7649beee0c8665dceb5",
            "ASV_table.tsv:md5,2618251e597593e4d716dd9bed095539",
            "ref_taxonomy.gtdb_R07-RS207.txt:md5,06b393cd18dfe6a26a8003dcef6c521c",
            "DADA2_stats.tsv:md5,54a1ac8d6c5a3ff15f700c4b2dd40c86",
            "DADA2_table.rds:md5,d095501019ce7ebccfa0eb801db1ed29",
            "DADA2_table.tsv:md5,5c9fb0bfd70da165f0ce6a361bfe0b43"
        ],
        "timestamp": "2023-05-28T20:55:32+0000"
    },
    "barrnap": {
        "content": [
            "ASV_seqs.ssu.fasta:md5,12ec676f3a7edeb075705430ad8c208e",
            "ASV_table.ssu.tsv:md5,78df5df258b5e24b1fbcb97a3aeddec0",
            "rrna.arc.gff:md5,e4c828506e3713c9c74a87d02c941440",
            "rrna.bac.gff:md5,4a832ff1efb4c8a306c014481033cb09",
            "rrna.euk.gff:md5,ad8b84800ff3f911db88657fd58b7cd9",
            "stats.ssu.tsv:md5,dbb23448395135334093edbb3efb1cd0",
            "rrna.mito.gff:md5,df19e1b84ba6f691d20c72b397c88abf"
        ],
        "timestamp": "2023-05-28T20:55:32+0000"
    },
    "multiqc": {
        "content": [
            "multiqc_fastqc.txt:md5,147764e40079c3abf97a17cfe2275c52",
            "multiqc_general_stats.txt:md5,c6456e36c17e592f12f9a2f9069f24f8",
            "multiqc_cutadapt.txt:md5,c640ad4fa88bc31b09fa353e606013a2"
        ],
        "timestamp": "2023-05-28T20:55:32+0000"
    },
    "asv_length_filter": {
        "content": [
            "ASV_len_filt.tsv:md5,3099f093f831e21397de2310d4c83ff4",
            "ASV_len_orig.tsv:md5,5ad596085cdcb600ce32c09bc786a678",
            "ASV_seqs.len.fasta:md5,1d61dbb2e90956a1f2698718a4dc48c5",
            "ASV_table.len.tsv:md5,9464eadabcf39ed4b71a75957660e2a7",
            "stats.len.tsv:md5,9b13b65cf9cc5fd59f6d8717d26202ed"
        ],
        "timestamp": "2023-05-28T20:55:32+0000"
    },
    "vsearch_cluster": {
        "content": [
            "ASV_post_clustering_filtered.fna:md5,57379771c59df16d0c0164db34e8f148",
            "ASV_post_clustering_filtered.stats.tsv:md5,222f6a7cdbf2d4b3f745a49359a61c0d",
            "ASV_post_clustering_filtered.table.tsv:md5,e607469a32d490bbe139e9196ff4a47d"
        ],
        "timestamp": "2023-05-28T20:55:32+0000"
    }
}
